
> incovice-management-system@0.1.0 build E:\Heet\B2B
> npx prisma generate && next build

Environment variables loaded from .env
Prisma schema loaded from prisma\schema.prisma

Γ£ö Generated Prisma Client (v5.22.0) to .\node_modules\.pnpm\@prisma+client@5.22.0_prisma@5.22.0\node_modules\@prisma\client in 114ms

Start by importing your Prisma Client (See: https://pris.ly/d/importing-client)

Tip: Need your database queries to be 1000x faster? Accelerate offers you that and more: https://pris.ly/tip-2-accelerate

Γû▓ Next.js 16.1.4 (Turbopack)
- Environments: .env
- Experiments (use with caution):
  ┬╖ serverActions

node.exe : ΓÜá The "middleware" file convention is deprecated. Please 
use "proxy" instead. Learn more: 
https://nextjs.org/docs/messages/middleware-to-proxy
At C:\Program Files\nodejs\pnpm.ps1:16 char:5
+     & "$basedir/node$exe"  
"$basedir/node_modules/pnpm/bin/pnpm.cjs"  ...
+     
~~~~~~~~~~~~~~~~~~~~~~~~~~~~~~~~~~~~~~~~~~~~~~~~~~~~~~~~~~~~~~~~~
    + CategoryInfo          : NotSpecified: (ΓÜá The "middle...leware 
   -to-proxy:String) [], RemoteException
    + FullyQualifiedErrorId : NativeCommandError
 
  Creating an optimized production build ...
Γ£ô Compiled successfully in 14.2s
  Running TypeScript ...
Failed to compile.

./app/dashboard/invoices/InvoiceList.tsx:178:45
Type error: 'inv.amountPaid' is possibly 'null' or 'undefined'.

[0m [90m 176 |[39m                     [33m<[39m[33mdiv[39m 
className[33m=[39m[32m"text-[10px] font-semibold text-green-600 
uppercase tracking-wide mt-0.5 flex items-center 
gap-1"[39m[33m>[39m
 [90m 177 |[39m                       [33m<[39m[33mdiv[39m 
className[33m=[39m[32m"h-1 w-1 bg-green-600 rounded-full"[39m 
[33m/[39m[33m>[39m
[31m[1m>[22m[39m[90m 178 |[39m                       
[33mPaid[39m[33m:[39m {formatCurrency(inv[33m.[39mamountPaid[33
m.[39mtoString()[33m,[39m inv[33m.[39mcurrency)}
 [90m     |[39m                                             
[31m[1m^[22m[39m
 [90m 179 |[39m                     
[33m<[39m[33m/[39m[33mdiv[39m[33m>[39m
 [90m 180 |[39m                   )}
 [90m 181 |[39m                 
[33m<[39m[33m/[39m[33mtd[39m[33m>[39m[0m
Next.js build worker exited with code: 1 and signal: null
ΓÇëELIFECYCLEΓÇë Command failed with exit code 1.
